// Autogenerated by Frugal Compiler (2.0.3)
// DO NOT EDIT UNLESS YOU ARE SURE THAT YOU KNOW WHAT YOU ARE DOING

package include_default_vendor

import (
	"fmt"
	"log"

	"git.apache.org/thrift.git/lib/go/thrift"
	"github.com/Workiva/frugal/lib/go"
	"github.com/Workiva/frugal/test/out/vendor_namespace"
)

const delimiter = "."

type MyScopePublisher interface {
	Open() error
	Close() error
	PublishnewItem(ctx *frugal.FContext, req *vendor_namespace.Item) error
}

type myScopePublisher struct {
	transport frugal.FScopeTransport
	protocol  *frugal.FProtocol
	methods   map[string]*frugal.Method
}

func NewMyScopePublisher(provider *frugal.FScopeProvider, middleware ...frugal.ServiceMiddleware) MyScopePublisher {
	transport, protocol := provider.New()
	methods := make(map[string]*frugal.Method)
	publisher := &myScopePublisher{
		transport: transport,
		protocol:  protocol,
		methods:   methods,
	}
	methods["publishnewItem"] = frugal.NewMethod(publisher, publisher.publishnewItem, "publishnewItem", middleware)
	return publisher
}

func (l *myScopePublisher) Open() error {
	return l.transport.Open()
}

func (l *myScopePublisher) Close() error {
	return l.transport.Close()
}

func (l *myScopePublisher) PublishnewItem(ctx *frugal.FContext, req *vendor_namespace.Item) error {
	ret := l.methods["publishnewItem"].Invoke([]interface{}{ctx, req})
	if ret[0] != nil {
		return ret[0].(error)
	}
	return nil
}

func (l *myScopePublisher) publishnewItem(ctx *frugal.FContext, req *vendor_namespace.Item) error {
	op := "newItem"
	prefix := ""
	topic := fmt.Sprintf("%sMyScope%s%s", prefix, delimiter, op)
	if err := l.transport.LockTopic(topic); err != nil {
		return err
	}
	defer l.transport.UnlockTopic()
	oprot := l.protocol
	if err := oprot.WriteRequestHeader(ctx); err != nil {
		return err
	}
	if err := oprot.WriteMessageBegin(op, thrift.CALL, 0); err != nil {
		return err
	}
	if err := req.Write(oprot); err != nil {
		return err
	}
	if err := oprot.WriteMessageEnd(); err != nil {
		return err
	}
	return oprot.Flush()
}

type MyScopeSubscriber interface {
	SubscribenewItem(handler func(*frugal.FContext, *vendor_namespace.Item)) (*frugal.FSubscription, error)
}

type myScopeSubscriber struct {
	provider   *frugal.FScopeProvider
	middleware []frugal.ServiceMiddleware
}

func NewMyScopeSubscriber(provider *frugal.FScopeProvider, middleware ...frugal.ServiceMiddleware) MyScopeSubscriber {
	return &myScopeSubscriber{provider: provider, middleware: middleware}
}

func (l *myScopeSubscriber) SubscribenewItem(handler func(*frugal.FContext, *vendor_namespace.Item)) (*frugal.FSubscription, error) {
	op := "newItem"
	prefix := ""
	topic := fmt.Sprintf("%sMyScope%s%s", prefix, delimiter, op)
	transport, protocol := l.provider.New()
	if err := transport.Subscribe(topic); err != nil {
		return nil, err
	}

	method := frugal.NewMethod(l, handler, "SubscribenewItem", l.middleware)
	sub := frugal.NewFSubscription(topic, transport)
	go func() {
		for {
			ctx, received, err := l.recvnewItem(op, protocol)
			if err != nil {
				if e, ok := err.(thrift.TTransportException); ok && e.TypeId() == thrift.END_OF_FILE {
					return
				}
				log.Printf("frugal: error receiving %s, discarding frame: %s\n", topic, err.Error())
				transport.DiscardFrame()
				continue
			}
			method.Invoke([]interface{}{ctx, received})
		}
	}()

	return sub, nil
}

func (l *myScopeSubscriber) recvnewItem(op string, iprot *frugal.FProtocol) (*frugal.FContext, *vendor_namespace.Item, error) {
	ctx, err := iprot.ReadRequestHeader()
	if err != nil {
		return nil, nil, err
	}
	name, _, _, err := iprot.ReadMessageBegin()
	if err != nil {
		return nil, nil, err
	}
	if name != op {
		iprot.Skip(thrift.STRUCT)
		iprot.ReadMessageEnd()
		x9 := thrift.NewTApplicationException(thrift.UNKNOWN_METHOD, "Unknown function "+name)
		return nil, nil, x9
	}
	req := &vendor_namespace.Item{}
	if err := req.Read(iprot); err != nil {
		return nil, nil, err
	}

	iprot.ReadMessageEnd()
	return ctx, req, nil
}
